[reddi.vn/favicon.png]
[backblue.gif]
[fade.gif]
[index.html]
[reddi.vn/_next/static/chunks/main-b0f80082fb43d6801898.js]
[reddi.vn/_next/static/chunks/webpack-e067438c4cf4ef2ef178.js]
[reddi.vn/_next/static/chunks/framework.a3ab6d70963b928e4674.js]
[reddi.vn/_next/static/chunks/0a301732.d0f12b302bb7832656e8.js]
[reddi.vn/_next/static/chunks/75fc9c18.00e031310bab8b846c16.js]
[reddi.vn/_next/static/chunks/b637e9a5.c5044bd32615519794d3.js]
[reddi.vn/_next/static/chunks/ac84b880.118394efc85bb3e961c1.js]
[reddi.vn/_next/static/chunks/dc62af4ff7518aec392bcdfb69f6b3f8c078e2e1.9713a0201fa7e2c24cc4.js]
[reddi.vn/_next/static/chunks/5b6d447326ad21abfee0df71528841206d094241.517b7aefd08b75da88fe.js]
[reddi.vn/_next/static/chunks/d06f32b8363360afc8be81d25a2f08ca1e5ecb45.af65a08b5e30972e77a8.js]
[reddi.vn/_next/static/chunks/pages/_app-3ea4d9575d82ad4da836.js]
[reddi.vn/_next/static/chunks/1bdf2b8d.ffbadb3464a66a46a910.js]
[reddi.vn/_next/static/chunks/f83076dd.4ad7bf5d955ef6e8db5d.js]
[reddi.vn/_next/static/chunks/04d232455db18cfd11bf9c68d8ce59daf2358a0c.75b0771d5d64228ea4e7.js]
[reddi.vn/_next/static/chunks/04d232455db18cfd11bf9c68d8ce59daf2358a0c_CSS.4d62413f4da81be1e932.js]
[reddi.vn/_next/static/chunks/07aa2a6eb4ea2ab134c6c12713a39d5267194bb6.c38d546e4c787e53dd96.js]
[reddi.vn/_next/static/chunks/7ffaa0fcf467eb53dff6d429c91a0076e86e67e0_CSS.748f7f460fe4ac62566f.js]
[reddi.vn/_next/static/chunks/pages/index-d1445934fef0942b14ba.js]
[reddi.vn/images/banner_header_home.png]
[reddi.vn/images/img_slider_1.png]
[reddi.vn/images/img_slider_2.png]
[reddi.vn/images/img_slider_3.png]
[reddi.vn/images/person_call_about.png]
[reddi.vn/images/dt3.png]
[reddi.vn/images/gimo.png]
[reddi.vn/images/VNPAY-Logo-yGapP.png]
[reddi.vn/images/1200px-VNPT_Logo.svg.png]
[reddi.vn/images/VinaSchools.png]
[reddi.vn/images/radisys-logo-bigger.png]
[reddi.vn/images/qr_apple.jpg]
[reddi.vn/images/qr_chplay.jpg]
[reddi.vn/images/banner_footer-bg.png]
[reddi.vn/images/logoSaleNoti.png]
[reddi.vn/images/bg_home.jpg]
[reddi.vn/_next/static/chunks/polyfills-dfb0475deb4971fc1ac4.js]
[reddi.vn/_next/static/75Zw1iBoTgEYDGMp9kMnQ/_buildManifest.js]
[reddi.vn/_next/static/75Zw1iBoTgEYDGMp9kMnQ/_ssgManifest.js]
[reddi.vn/index.html]
[reddi.vn/_next/static/css/6c2b3a3bcd036b5a8f7a.css]
[reddi.vn/_next/static/media/glyphicons-halflings-regular.5be1347c682810f199c7f486f40c5974.eot]
[reddi.vn/_next/static/media/glyphicons-halflings-regular.be810be3a3e14c682a257d6eff341fe4.woff2]
[reddi.vn/_next/static/media/glyphicons-halflings-regular.82b1212e45a2bc35dd731913b27ad813.woff]
[reddi.vn/_next/static/media/glyphicons-halflings-regular.4692b9ec53fd5972caa2f2372ae20d16.ttf]
[reddi.vn/_next/static/media/SVN-Gilroy-Black.dec9dfdaa86a216242091dd5d448c47a.otf]
[reddi.vn/_next/static/media/SVN-Gilroy-Bold.e46346e4060087be98d71c6025dfef07.otf]
[reddi.vn/_next/static/media/SVN-Gilroy-SemiBold.ee43a489375afff1a8d7c1b74de4ac83.otf]
[reddi.vn/_next/static/media/SVN-Gilroy-Regular.6b1bcdc2754c31961cb94dc5d114d168.otf]
[reddi.vn/_next/static/media/fa-brands-400.350044e56f764ff81de14813943bff04.eot]
[reddi.vn/_next/static/media/fa-brands-400.2c913dbbdee6dba6152fb57ac4e09c73.woff2]
[reddi.vn/_next/static/media/fa-brands-400.9803ecc37681fc0ff2f8441b3207cec4.woff]
[reddi.vn/_next/static/media/fa-brands-400.f01fefb7ee9ca5888e3e09ec6a23e41c.ttf]
[reddi.vn/_next/static/media/fa-light-300.c53ee5fed30411389b209779e68df7db.eot]
[reddi.vn/_next/static/media/fa-light-300.abb325d250ea78e7a210ee9026791234.woff2]
[reddi.vn/_next/static/media/fa-light-300.c2283ce5851be7da73966358bce51ce2.woff]
[reddi.vn/_next/static/media/fa-light-300.17210a8aac4d0feb56ae56c486f2f360.ttf]
[reddi.vn/_next/static/media/fa-regular-400.1c142f1915579ed1ae5c22dfe3ec8b4b.eot]
[reddi.vn/_next/static/media/fa-regular-400.f552c06fb636491dbf96280b7deb74f1.woff2]
[reddi.vn/_next/static/media/fa-regular-400.6f69f5fe4c11b35d7131a09bb5bda9b4.woff]
[reddi.vn/_next/static/media/fa-regular-400.3a76f8bb4c458e580b2ad417d6030e5e.ttf]
[reddi.vn/_next/static/media/fa-solid-900.e8b168e5a085a01a4d0b465e7a9177d8.eot]
[reddi.vn/_next/static/media/fa-solid-900.5618e7671a225e1f0b750a705343a522.woff2]
[reddi.vn/_next/static/media/fa-solid-900.034c62e82596ed0ef9aa585d84204334.woff]
[reddi.vn/_next/static/media/fa-solid-900.460c237563b8693a6158840861106a95.ttf]
[reddi.vn/_next/static/media/ajax-loader.fb6f3c230cb846e25247dfaa1da94d8f.gif]
[reddi.vn/_next/static/media/slick.a4e97f5a2a64f0ab132323fbeb33ae29.eot]
[reddi.vn/_next/static/media/slick.295183786cd8a138986521d9f388a286.woff]
[reddi.vn/_next/static/media/slick.c94f7671dcc99dce43e22a89f486f7c2.ttf]
[reddi.vn/images/form1.jpg]
[reddi.vn/images/icon1.png]
[reddi.vn/images/bk1.jpg]
[reddi.vn/_next/static/css/10fb10e36ee756c3f6cd.css]
[reddi.vn/images/bk-st7.png]
[reddi.vn/images/background_faq.png]
[reddi.vn/images/st4.png]
[reddi.vn/images/icon14.png]
[reddi.vn/images/new.png]
[reddi.vn/_next/static/css/7a5d511273f13e455a8d.css]
[reddi.vn/images/icon_discount.png]
[reddi.vn/_next/static/css/773beda64ede0601738b.css]
[reddi.vn/_next/static/chunks/7080bd29162e865b583dc15373f984468c11a196.0863e9f4f95d6dffce03.js]
[reddi.vn/_next/static/chunks/4e674203db9c8a271018235347b59e43f18424e8.f240ba2c93f1f8063d10.js]
[reddi.vn/_next/static/chunks/pages/mua-so-ffd442d8ea8b1f27bffa.js]
[reddi.vn/images/no_data.png]
[reddi.vn/mua-so.html]
[reddi.vn/mua-so-nam-sinh/favicon.png]
[reddi.vn/mua-so-nam-sinh/logo192.png]
[reddi.vn/mua-so-nam-sinh/manifest.json]
[reddi.vn/mua-so-nam-sinh/js/config.js]
[reddi.vn/mua-so-nam-sinh/static/js/8.32bde2f0.chunk.js]
[reddi.vn/mua-so-nam-sinh/static/js/main.8a2c2a07.chunk.js]
[reddi.vn/mua-so-nam-sinh/index.html]
[reddi.vn/_next/static/chunks/pages/goi-cuoc-5bbb70dc4638e597125e.js]
[reddi.vn/images/icon-check-red.png]
[reddi.vn/images/kyo.png]
[reddi.vn/goi-cuoc.html]
[reddi.vn/_next/static/chunks/pages/tin-tuc-ad5c0810912fc2f5c081.js]
[reddi.vn/tin-tuc.html]
[reddi.vn/_next/static/chunks/pages/ve-chung-toi-97a3c75e1e5a0a12a4ef.js]
[reddi.vn/images/logo_no_text.png]
[reddi.vn/images/keepyouon.png]
[reddi.vn/images/10.jpg]
[reddi.vn/images/bg_affter_aboutus_ipad.png]
[reddi.vn/images/bg_affter_aboutus_mb.png]
[reddi.vn/ve-chung-toi.html]
[reddi.vn/images/logo.svg]
[reddi.vn/_next/static/chunks/pages/chinh-sach/[policy]-eb89bc18b126f17bf292.js]
[reddi.vn/chinh-sach/dieu-kien-giao-dich-chung.html]
[reddi.vn/chinh-sach/chinh-sach-bao-mat-thong-tin.html]
[reddi.vn/chinh-sach/chinh-sach-van-chuyen-giao-nhan-hang.html]
[reddi.vn/chinh-sach/phuong-thuc-thanh-toan.html]
[reddi.vn/chinh-sach/dich-vu-cung-cap.html]
[reddi.vn/chinh-sach/gia-cuoc-dich-vu.html]
[reddi.vn/chinh-sach/chuyen-mang-giu-so.html]
[reddi.vn/chinh-sach/chuyen-quyen-so-huu.html]
[reddi.vn/chinh-sach/chinh-sach-thue-bao-thuong.html]
[reddi.vn/chinh-sach/chinh-sach-thue-bao-ngay-thang-nam-sinh.html]
[reddi.vn/chinh-sach/thoi-gian-su-dung-thue-bao-thuong.html]
[reddi.vn/chinh-sach/thoi-gian-su-dung-thue-bao-ngay-sinh.html]
[reddi.vn/_next/static/chunks/pages/ho-tro-7ab7d62d5c48652a9f29.js]
[reddi.vn/images/icon-search.png]
[reddi.vn/images/arrow_in.png]
[reddi.vn/ho-tro.html]
[reddi.vn/_next/static/media/glyphicons-halflings-regular.060b2710bdbbe3dfe48b58d59bd5f1fb.svg]
[reddi.vn/_next/static/media/fa-brands-400.cf33e3ffcbef8a64ef6458bf13f6d0d6.svg]
[reddi.vn/_next/static/media/fa-light-300.65e4a1f50a14e90323301ddb2549cf45.svg]
[reddi.vn/_next/static/media/fa-regular-400.2dc13d1ead295d173a574d6be9ce8139.svg]
[reddi.vn/_next/static/media/fa-solid-900.ae3aae7c1109b5de5b1afe723f9c9faa.svg]
[reddi.vn/_next/static/media/slick.2630a3e3eab21c607e21576571b95b9d.svg]
[reddi.vn/images/light-logo.svg]
[reddi.vn/mua-so-nam-sinh/static/media/glyphicons-halflings-regular.f4769f9b.eot]
[reddi.vn/mua-so-nam-sinh/static/media/glyphicons-halflings-regular.448c34a5.woff2]
[reddi.vn/mua-so-nam-sinh/static/media/glyphicons-halflings-regular.fa277232.woff]
[reddi.vn/mua-so-nam-sinh/static/media/glyphicons-halflings-regular.e18bbf61.ttf]
[reddi.vn/mua-so-nam-sinh/static/css/8.8de00877.chunk.css]
[reddi.vn/mua-so-nam-sinh/static/media/bk1.6931f6b7.jpg]
[reddi.vn/mua-so-nam-sinh/static/css/main.bdbe5528.chunk.css]
[reddi.vn/images/bg_result.png]
[reddi.vn/_next/static/css/c9c37e77cdb71bf33ade.css]
[reddi.vn/_next/static/css/3159020e7b03309ef187.css]
[reddi.vn/_next/static/chunks/pages/tin-tuc/[slug]-fe758d895955340b1024.js]
[reddi.vn/tin-tuc/reddi-tung-goi-sim-ngay-thang-nam-sinh-moi-chao-2021.html]
[reddi.vn/tin-tuc/goi-cuoc-tu-do-trai-nghiem-cap-nhat-moi-voi-nhieu-uu-dai.html]
[reddi.vn/_next/static/chunks/pages/tin-tuc/chu-de/[slug]/[page]-e11f33f6ea3313dc9bb3.js]
[reddi.vn/tin-tuc/chu-de/san-pham-dich-vu/1.html]
[reddi.vn/tin-tuc/cong-don-data-luot-mang-tha-ga-voi-goi-cuoc-sanh-cua-reddi.html]
[reddi.vn/tin-tuc/chuc-mung-quoc-te-phu-nu-8-3-reddi-tang-data-cho-tat-ca-thue-bao.html]
[reddi.vn/tin-tuc/chu-de/khuyen-mai/1.html]
[reddi.vn/tin-tuc/huong-dan-nap-tien-cho-thue-bao-reddi.html]
[reddi.vn/tin-tuc/reddi-li-xi-dau-nam-20-gia-tri-nap-tien-va-cong-toi-12gb-data.html]
[reddi.vn/tin-tuc/reddi-khuyen-mai-20-gia-tri-nap-tien-cho-cac-thue-bao.html]
[reddi.vn/tin-tuc/9-ung-dung-ott-kha-dung-cho-thue-bao-reddi.html]
[reddi.vn/tin-tuc/chu-de/reddi/1.html]
[reddi.vn/tin-tuc/huong-dan-cai-dat-va-su-dung-ung-dung-bluezone.html]
[reddi.vn/tin-tuc/reddi-chinh-thuc-ket-noi-mang-voi-mobifone-va-viettel.html]
[reddi.vn/images/aboutus/bgr1.png]
[reddi.vn/images/aboutus/nguoi_bay.png]
[reddi.vn/images/aboutus/nguoi_sao.png]
[reddi.vn/images/aboutus/nguoi_cam_sim.png]
[reddi.vn/images/person_data_about.png]
[reddi.vn/images/person_game_about.png]
[reddi.vn/images/person_drive.png]
[reddi.vn/images/person_look.png]
[reddi.vn/images/bkcircle/circle_big_dark.png]
[reddi.vn/images/bkcircle/circle_normal_light.png]
[reddi.vn/images/bkcircle/circle_small_light.png]
[reddi.vn/images/bkcircle/circle_big_light.png]
[reddi.vn/images/bkcircle/circle_small_dark.png]
[reddi.vn/images/bkcircle/circle_normal_dark.png]
[reddi.vn/_next/static/css/5a909fbe768a752fbc5b.css]
[reddi.vn/_next/static/css/c2330a4cb1f669c5ff71.css]
[reddi.vn/mua-so-nam-sinh/static/media/glyphicons-halflings-regular.89889688.svg]
[reddi.vn/mua-so-nam-sinh/static/media/logo.dcbca9ee.svg]
[reddi.vn/mua-so-nam-sinh/static/media/light-logo.77024c37.svg]
[reddi.vn/_next/static/css/3c148f27a98d0dd08585.css]
[reddi.vn/tin-tuc/nha-mang-reddi-mo-ban-sim-ngay-thang-nam-sinh-cung-uu-dai-data-hap-dan.html]
[reddi.vn/tin-tuc/dung-vua-du-tra-vua-dung-voi-goi-cuoc-tu-thiet-ke-cua-reddi.html]
[reddi.vn/tin-tuc/chinh-sach-gia-han-thoi-gian-su-dung-sim-thue-bao-reddi.html]
[reddi.vn/tin-tuc/chu-de/san-pham-dich-vu.html]
[reddi.vn/tin-tuc/thong-bao-thoi-gian-giao-nhan-hang-trong-dip-tet-nguyen-dan-2021.html]
[reddi.vn/tin-tuc/app-reddi-mot-ung-dung-da-tien-ich.html]
[reddi.vn/tin-tuc/uu-dai-cho-thue-bao-reddi-khi-nap-tien-online.html]
[reddi.vn/tin-tuc/tang-3gb-data-mien-phi-cho-thue-bao-reddi-kich-hoat-moi.html]
[reddi.vn/tin-tuc/reddi-tang-2gb-data-cho-tat-ca-cac-thue-bao-nu-nhan-dip-20-10.html]
[reddi.vn/tin-tuc/chu-de/khuyen-mai.html]
[reddi.vn/tin-tuc/chao-nam-moi-tan-suu-uu-dai-20-gia-tri-nap-tien.html]
[reddi.vn/tin-tuc/chao-thang-10-reddi-khuyen-mai-20-gia-tri-tien-nap-cho-toan-bo-thue-bao.html]
[reddi.vn/tin-tuc/mang-di-dong-reddi-dich-vu-vien-thong-moi-cho-tin-do-trai-nghiem.html]
[reddi.vn/tin-tuc/kham-pha-4-dieu-thu-vi-ve-mang-5g.html]
[reddi.vn/tin-tuc/chu-de/reddi.html]
[reddi.vn/tin-tuc/chinh-thuc-khai-truong-mang-di-dong-reddi-voi-dau-so-055.html]
